Dataset chessred2k:train/rgb: 1417 samples
  Skipped 5 missing-piece entries
  Skipped 25 missing image files
Dataset chess_dataset_recovered:train/rgb: 398 samples
Dataset synthetic:train/rgb: 1800 samples
Dataset chessred2k:val/rgb: 325 samples
  Skipped 5 missing image files
Dataset chess_dataset_recovered:val/rgb: 96 samples
  Skipped 1 missing image files
Dataset synthetic:val/rgb: 183 samples
  Skipped 17 missing image files
train: 77550  val: 11814
step=   607 elapsed=209s loss=0.6490 piece=0.5602 color=0.0152 type=0.2811 val_acc=0.8928 lr=4.98e-04
  -> saved best @ 0.8928
step=  1237 elapsed=417s loss=0.3626 piece=0.3475 color=0.0005 type=0.0500 val_acc=0.9243 lr=4.91e-04
  -> saved best @ 0.9243
step=  1867 elapsed=627s loss=0.4601 piece=0.4196 color=0.0030 type=0.1323 val_acc=0.9326 lr=4.81e-04
  -> saved best @ 0.9326
step=  2497 elapsed=838s loss=0.3368 piece=0.3277 color=0.0005 type=0.0297 val_acc=0.9398 lr=4.66e-04
  -> saved best @ 0.9398
step=  3127 elapsed=1045s loss=0.3650 piece=0.3469 color=0.0197 type=0.0406 val_acc=0.9420 lr=4.47e-04
  -> saved best @ 0.9420
step=  3757 elapsed=1256s loss=0.3855 piece=0.3643 color=0.0002 type=0.0705 val_acc=0.9455 lr=4.25e-04
  -> saved best @ 0.9455
step=  4387 elapsed=1460s loss=0.3231 piece=0.3171 color=0.0002 type=0.0200 val_acc=0.9526 lr=3.99e-04
  -> saved best @ 0.9526
step=  5017 elapsed=1665s loss=0.3057 piece=0.3042 color=0.0001 type=0.0051 val_acc=0.9587 lr=3.71e-04
  -> saved best @ 0.9587
step=  5647 elapsed=1869s loss=0.3254 piece=0.3211 color=0.0005 type=0.0140 val_acc=0.9560 lr=3.41e-04
step=  6277 elapsed=2073s loss=0.3208 piece=0.3155 color=0.0001 type=0.0177 val_acc=0.9620 lr=3.10e-04
  -> saved best @ 0.9620
step=  6907 elapsed=2277s loss=0.3151 piece=0.3118 color=0.0002 type=0.0107 val_acc=0.9595 lr=2.78e-04
step=  7534 elapsed=2480s loss=0.3346 piece=0.3240 color=0.0000 type=0.0353 val_acc=0.9640 lr=2.45e-04
  -> saved best @ 0.9640
step=  8161 elapsed=2684s loss=0.2991 piece=0.2988 color=0.0000 type=0.0010 val_acc=0.9654 lr=2.13e-04
  -> saved best @ 0.9654
step=  8791 elapsed=2889s loss=0.2977 piece=0.2975 color=0.0000 type=0.0005 val_acc=0.9671 lr=1.82e-04
  -> saved best @ 0.9671
step=  9425 elapsed=3093s loss=0.2977 piece=0.2975 color=0.0000 type=0.0007 val_acc=0.9663 lr=1.52e-04
step= 10057 elapsed=3297s loss=0.2973 piece=0.2972 color=0.0000 type=0.0003 val_acc=0.9683 lr=1.24e-04
  -> saved best @ 0.9683
step= 10685 elapsed=3502s loss=0.2976 piece=0.2975 color=0.0000 type=0.0003 val_acc=0.9678 lr=9.88e-05

FINAL val_acc=0.9683  best=0.9683

Confusion (rows=GT, cols=pred):
        b     k     n     p     q     r     B     K     N     P     Q     R
 b    655     6    18     8     7    13     0     0     0     0     0     2
 k      0   551     0     0    49     4     0     0     0     0     0     0
 n     11     0   391     7     0     8     0     0     0     2     0     0
 p     10     0     5  2940     0     0     0     0     0     2     0     0
 q      2    10     0     0   283     2     0     2     0     0     0     0
 r      5     5    10     6     4   788     0     0     0     0     0     0
 B      0     0     0     1     0     0   585     0     8    11     6     9
 K      1     0     0     0     0     0     2   575     0     0    25     1
 N      0     0     0     1     0     0    14     0   490    10     1    15
 P      0     0     0     3     0     0    10     0     8  3083     1     5
 Q      0     0     0     0     0     0     3    18     0     1   287     0
 R      0     0     0     1     0     0     9     3     3     2     5   811
